// Jest Snapshot v1, https://goo.gl/fbAQLP

exports[`NewPoll Change value for input 1`] = `
Object {
  "asFragment": [Function],
  "baseElement": <body>
    <div>
      <div
        class="ui centered vertically padded one column grid"
      >
        <div
          class="row"
        >
          <div
            class="column"
            style="max-width: 800px;"
          >
            <div
              class="ui segments"
            >
              <h3
                class="ui block top attached center aligned header"
              >
                <div
                  class="content"
                >
                  Create New Pool
                </div>
              </h3>
              <div
                class="ui padded grid"
              >
                <div
                  class="sixteen wide column"
                >
                  <div
                    class="ui horizontal divider"
                  >
                    Option 1
                  </div>
                  <form
                    class="ui form"
                  >
                    <div
                      class="ui fluid input"
                      data-testid="first-option"
                    >
                      <input
                        placeholder="Option 1"
                        required=""
                        type="text"
                        value=""
                      />
                    </div>
                    <div
                      class="ui horizontal divider"
                    >
                      Option 2
                    </div>
                    <div
                      class="ui fluid input"
                      data-testid="second-option"
                    >
                      <input
                        placeholder="Option 2"
                        required=""
                        type="text"
                        value=""
                      />
                    </div>
                    <br />
                    <button
                      class="ui fluid primary button"
                    >
                      Submit
                    </button>
                  </form>
                </div>
              </div>
            </div>
          </div>
        </div>
      </div>
    </div>
  </body>,
  "container": <div>
    <div
      class="ui centered vertically padded one column grid"
    >
      <div
        class="row"
      >
        <div
          class="column"
          style="max-width: 800px;"
        >
          <div
            class="ui segments"
          >
            <h3
              class="ui block top attached center aligned header"
            >
              <div
                class="content"
              >
                Create New Pool
              </div>
            </h3>
            <div
              class="ui padded grid"
            >
              <div
                class="sixteen wide column"
              >
                <div
                  class="ui horizontal divider"
                >
                  Option 1
                </div>
                <form
                  class="ui form"
                >
                  <div
                    class="ui fluid input"
                    data-testid="first-option"
                  >
                    <input
                      placeholder="Option 1"
                      required=""
                      type="text"
                      value=""
                    />
                  </div>
                  <div
                    class="ui horizontal divider"
                  >
                    Option 2
                  </div>
                  <div
                    class="ui fluid input"
                    data-testid="second-option"
                  >
                    <input
                      placeholder="Option 2"
                      required=""
                      type="text"
                      value=""
                    />
                  </div>
                  <br />
                  <button
                    class="ui fluid primary button"
                  >
                    Submit
                  </button>
                </form>
              </div>
            </div>
          </div>
        </div>
      </div>
    </div>
  </div>,
  "debug": [Function],
  "findAllByAltText": [Function],
  "findAllByDisplayValue": [Function],
  "findAllByLabelText": [Function],
  "findAllByPlaceholderText": [Function],
  "findAllByRole": [Function],
  "findAllByTestId": [Function],
  "findAllByText": [Function],
  "findAllByTitle": [Function],
  "findByAltText": [Function],
  "findByDisplayValue": [Function],
  "findByLabelText": [Function],
  "findByPlaceholderText": [Function],
  "findByRole": [Function],
  "findByTestId": [Function],
  "findByText": [Function],
  "findByTitle": [Function],
  "getAllByAltText": [Function],
  "getAllByDisplayValue": [Function],
  "getAllByLabelText": [Function],
  "getAllByPlaceholderText": [Function],
  "getAllByRole": [Function],
  "getAllByTestId": [Function],
  "getAllByText": [Function],
  "getAllByTitle": [Function],
  "getByAltText": [Function],
  "getByDisplayValue": [Function],
  "getByLabelText": [Function],
  "getByPlaceholderText": [Function],
  "getByRole": [Function],
  "getByTestId": [Function],
  "getByText": [Function],
  "getByTitle": [Function],
  "queryAllByAltText": [Function],
  "queryAllByDisplayValue": [Function],
  "queryAllByLabelText": [Function],
  "queryAllByPlaceholderText": [Function],
  "queryAllByRole": [Function],
  "queryAllByTestId": [Function],
  "queryAllByText": [Function],
  "queryAllByTitle": [Function],
  "queryByAltText": [Function],
  "queryByDisplayValue": [Function],
  "queryByLabelText": [Function],
  "queryByPlaceholderText": [Function],
  "queryByRole": [Function],
  "queryByTestId": [Function],
  "queryByText": [Function],
  "queryByTitle": [Function],
  "rerender": [Function],
  "unmount": [Function],
}
`;
